../Core/Src/main.c:162:5:main	104	static
../Core/Src/main.c:252:6:SystemClock_Config	128	static
../Core/Src/main.c:300:13:MX_ADC2_Init	32	static
../Core/Src/main.c:357:13:MX_ADC4_Init	32	static
../Core/Src/main.c:414:13:MX_CAN_Init	8	static
../Core/Src/main.c:451:13:MX_GPIO_Init	48	static
../Core/Src/main.c:509:6:SetDisplay	32	static
../Core/Src/main.c:531:7:map	32	static
../Core/Src/main.c:536:6:Debounce	24	static
../Core/Src/main.c:548:6:DeadZone	16	static
../Core/Src/main.c:558:6:CAN_Filter	56	static
../Core/Src/main.c:581:6:CAN_Tx_Queue_Add	16	static
../Core/Src/main.c:588:6:CAN_Tx_Queue_Clear	4	static
../Core/Src/main.c:593:6:ModeDebugEntry	8	static
../Core/Src/main.c:606:6:ModeDebugLoop	16	static
../Core/Src/main.c:635:6:ModeDebugExit	8	static
../Core/Src/main.c:647:6:ModeDriveEntry	8	static
../Core/Src/main.c:662:6:ModeDriveLoop	120	static
../Core/Src/main.c:707:6:ModeDriveExit	24	static
../Core/Src/main.c:733:6:ModeNothingEntry	8	static
../Core/Src/main.c:738:6:ModeNothingLoop	4	static
../Core/Src/main.c:742:6:ModeNothingExit	8	static
../Core/Src/main.c:756:6:StartMainTask	80	static
../Core/Src/main.c:813:7:convert	16	static
../Core/Src/main.c:810:6:StartInputPoll	24	static
../Core/Src/main.c:858:6:StartManageCanBus	24	static
../Core/Src/main.c:887:6:HAL_TIM_PeriodElapsedCallback	16	static
../Core/Src/main.c:904:6:Error_Handler	4	static,ignoring_inline_asm
